// Jest Snapshot v1, https://goo.gl/fbAQLP

exports[`Components LocaleButton with isActive=false should match snapshot 1`] = `<div />`;

exports[`Components LocaleButton with isActive=true should match snapshot 1`] = `
.c0 {
  color: #2c3e50;
}

<div>
  <button
    class="c0"
    style="display: inline-flex; appearance: none; align-items: center; justify-content: center; transition: all 250ms; user-select: none; position: relative; white-space: nowrap; vertical-align: middle; outline: none; width: auto;"
  >
    tr
  </button>
</div>
`;
